exec.out    Linker-11 version 22may79    Fri Jun 10 19:09:00 1983

Magic number:     410	(Shared text)
	Start	Limit	Length
Text:	000000	037736	037736	Shareable
Data:	037736	051714	011756	
Bss:	051714	070240	016324	
transfer address: 000000
----------------
module:  exec      01aug5
section          orgin      size
<. abs.>        000000     000000	prv, dat,abs, ovr, gbl
          cmochn 000000 a     crfchn 000012 a     cr.lin 000003 a
          cr.pag 000002 a     cr.sym 000020 a     debug  000000 a
          dflgtb 000000 a     errrol 000001 a     io.eof 000010 a
          io.eoi 000040 a     io.err 000020 a     io.ini 000001 a
          io.opn 000002 a     io.tty 000004 a     lstchn 000004 a
          objchn 000006 a     objlen 000052 a     pdpv45 000000 a
          rsx11d 000000 a     smlchn 000010 a     srcchn 000002 a
          x40    000000 a
<      >        040000     000000	prv, dat,rel, con, loc
<.text >        000000     004354	shr, ins, rel, con, gbl
          crfdef 003340 r     crfref 003344 r     cvtim  004036 r
          finsml 002660 r     getic  002100 r     getsrc 002216 r
          inisml 002564 r     macovf 002064 r     openo  001454 r
          putoc  002520 r     start  000000 r     symovf 002054 r
          zread  002726 r     zwrite 003022 r
<.data >        040000     000002	prv, dat,rel, con, gbl
          verita 040000 r
<.bss  >        051756     000000	prv, bss, rel, con, gbl
<dpure >        043410     000340	prv, dat,rel, con, gbl
          ioltbl 043600 r
<mixed >        044376     000366	prv, dat,rel, con, gbl
          bintbl 044664 r     buftbl 044650 r     cnttbl 044634 r
          dattim 044522 r     exttbl 044620 r     iargv  044402 r
          symhp  044410 r     symlp  044406 r     vernam 044544 r
          $brkad 044732 r     $brksy 044730 r     $wrbfp 044702 r
          $wrcnt 044704 r     $wrsys 044700 r
<errmes>        045510     000000	prv, dat,rel, con, gbl
<impure>        052264     000756	prv, bss, rel, con, gbl
          chntbl 052410 r     chrtbl 052374 r     ioftbl 052360 r
          lstflg 052264 r     lttflg 052266 r     mx.flg 052300 r
          my.flg 052304 r     pdp10  052310 r     smlfil 052320 r
          smlnam 052316 r     sx.flg 052306 r     u.flag 052274 r
          xxxreg 053226 r     xx.flg 052302 r
<imppas>        054226     000010	prv, bss, rel, con, gbl
          fileln 054234 r     linnum 054230 r     pagnum 054226 r
<implin>        054452     000004	prv, bss, rel, con, gbl
<swtsec>        045510     000120	prv, dat,rel, con, gbl
<cndsec>        045654     000000	prv, dat,rel, con, gbl
<crfsec>        045754     000176	prv, dat,rel, con, gbl
<edtsec>        046152     000006	prv, dat,rel, con, gbl
<lctsec>        046254     000000	prv, dat,rel, con, gbl
<psasec>        046314     000000	prv, dat,rel, con, gbl
<pstsec>        046424     000000	prv, dat,rel, con, gbl
<rolbas>        051624     000000	prv, dat,rel, con, gbl
<rolsiz>        051662     000000	prv, dat,rel, con, gbl
<roltop>        051720     000000	prv, dat,rel, con, gbl
<xpcor >        054522     000000	prv, bss, rel, con, gbl
----------------
module:  main      03apr4
section          orgin      size
<. abs.>        000000     000000	prv, dat,abs, ovr, gbl
          cndrol 000020 a     codrol 000014 a     crfrol 000034 a
          dmarol 000006 a     dumrol 000016 a     edtrol 000024 a
          lcdrol 000026 a     lsyrol 000010 a     macrol 000004 a
          psarol 000030 a     pstrol 000032 a     regrol 000000 a
          secrol 000012 a     swtrol 000022 a     symrol 000002 a
<      >        040000     000000	prv, dat,rel, con, loc
<.text >        004354     000262	shr, ins, rel, con, gbl
          endp1  004464 r     endp2  004536 r     prop1  004354 r
          prop2  004426 r     prosw  004552 r
<.data >        040002     000000	prv, dat,rel, con, gbl
<.bss  >        051756     000000	prv, bss, rel, con, gbl
<dpure >        043750     000020	prv, dat,rel, con, gbl
<mixed >        044764     000000	prv, dat,rel, con, gbl
<errmes>        045510     000000	prv, dat,rel, con, gbl
<impure>        053242     000006	prv, bss, rel, con, gbl
          bksiz  053244 r     pass   053242 r
<imppas>        054236     000024	prv, bss, rel, con, gbl
          clcfgs 054254 r     clcloc 054256 r     clcmax 054260 r
          clcnam 054250 r     clcsec 054255 r     flags  054242 r
          mode   054242 r     rellvl 054246 r     sector 054243 r
          symbol 054236 r     value  054244 r
<implin>        054456     000002	prv, bss, rel, con, gbl
          exmflg 054456 r
<swtsec>        045630     000000	prv, dat,rel, con, gbl
<cndsec>        045654     000000	prv, dat,rel, con, gbl
<crfsec>        046152     000000	prv, dat,rel, con, gbl
<edtsec>        046160     000000	prv, dat,rel, con, gbl
<lctsec>        046254     000000	prv, dat,rel, con, gbl
<psasec>        046314     000000	prv, dat,rel, con, gbl
<pstsec>        046424     000000	prv, dat,rel, con, gbl
<rolbas>        051624     000036	prv, dat,rel, con, gbl
<rolsiz>        051662     000036	prv, dat,rel, con, gbl
<roltop>        051720     000036	prv, dat,rel, con, gbl
<xpcor >        054522     000000	prv, bss, rel, con, gbl
----------------
module:  code      10may4
section          orgin      size
<. abs.>        000000     000000	prv, dat,abs, ovr, gbl
          blkssy 000022 a     blksye 000021 a
<      >        040000     000000	prv, dat,rel, con, loc
<.text >        004636     002056	shr, ins, rel, con, gbl
          dmprld 006256 r     endp1c 005176 r     endp2c 005472 r
          ident  005122 r     limit  005046 r     pcroll 005676 r
          setdsp 004700 r     setimm 004636 r     setrld 006342 r
          stcode 005664 r
<.data >        040002     000000	prv, dat,rel, con, gbl
<.bss  >        051756     000000	prv, bss, rel, con, gbl
<dpure >        043770     000000	prv, dat,rel, con, gbl
<mixed >        044764     000012	prv, dat,rel, con, gbl
<errmes>        045510     000000	prv, dat,rel, con, gbl
<impure>        053250     000170	prv, bss, rel, con, gbl
          out$ym 053270 r     prgttl 053250 r
<imppas>        054262     000004	prv, bss, rel, con, gbl
          objsec 054263 r
<implin>        054460     000002	prv, bss, rel, con, gbl
          pcrcnt 054460 r
<swtsec>        045630     000000	prv, dat,rel, con, gbl
<cndsec>        045654     000000	prv, dat,rel, con, gbl
<crfsec>        046152     000000	prv, dat,rel, con, gbl
<edtsec>        046160     000006	prv, dat,rel, con, gbl
<lctsec>        046254     000000	prv, dat,rel, con, gbl
<psasec>        046314     000000	prv, dat,rel, con, gbl
<pstsec>        046424     000000	prv, dat,rel, con, gbl
<rolbas>        051662     000000	prv, dat,rel, con, gbl
<rolsiz>        051720     000000	prv, dat,rel, con, gbl
<roltop>        051756     000000	prv, dat,rel, con, gbl
<xpcor >        054522     000000	prv, bss, rel, con, gbl
----------------
module:  expr      16jan4
section          orgin      size
<. abs.>        000000     000000	prv, dat,abs, ovr, gbl
<      >        040000     000000	prv, dat,rel, con, loc
<.text >        006714     003150	shr, ins, rel, con, gbl
          abserr 010072 r     absexp 010056 r     abstrm 010050 r
          abstst 010062 r     expr   006734 r     exprg  006714 r
          relexp 010032 r     reltst 010036 r
<.data >        040002     000000	prv, dat,rel, con, gbl
<.bss  >        051756     000000	prv, bss, rel, con, gbl
<dpure >        043770     000126	prv, dat,rel, con, gbl
<mixed >        044776     000000	prv, dat,rel, con, gbl
<errmes>        045510     000000	prv, dat,rel, con, gbl
<impure>        053440     000012	prv, bss, rel, con, gbl
<imppas>        054266     000000	prv, bss, rel, con, gbl
<implin>        054462     000002	prv, bss, rel, con, gbl
<swtsec>        045630     000000	prv, dat,rel, con, gbl
<cndsec>        045654     000000	prv, dat,rel, con, gbl
<crfsec>        046152     000000	prv, dat,rel, con, gbl
<edtsec>        046166     000006	prv, dat,rel, con, gbl
<lctsec>        046254     000000	prv, dat,rel, con, gbl
<psasec>        046314     000000	prv, dat,rel, con, gbl
<pstsec>        046424     000000	prv, dat,rel, con, gbl
<rolbas>        051662     000000	prv, dat,rel, con, gbl
<rolsiz>        051720     000000	prv, dat,rel, con, gbl
<roltop>        051756     000000	prv, dat,rel, con, gbl
<xpcor >        054522     000000	prv, bss, rel, con, gbl
----------------
module:  fltg      27dec3
section          orgin      size
<. abs.>        000000     000000	prv, dat,abs, ovr, gbl
<      >        040000     000000	prv, dat,rel, con, loc
<.text >        012064     001232	shr, ins, rel, con, gbl
          fltg1w 012212 r     flt2   012066 r     flt4   012064 r
<.data >        040002     000000	prv, dat,rel, con, gbl
<.bss  >        051756     000000	prv, bss, rel, con, gbl
<dpure >        044116     000004	prv, dat,rel, con, gbl
<mixed >        044776     000000	prv, dat,rel, con, gbl
<errmes>        045510     000000	prv, dat,rel, con, gbl
<impure>        053452     000030	prv, bss, rel, con, gbl
<imppas>        054266     000000	prv, bss, rel, con, gbl
<implin>        054464     000002	prv, bss, rel, con, gbl
<swtsec>        045630     000000	prv, dat,rel, con, gbl
<cndsec>        045654     000000	prv, dat,rel, con, gbl
<crfsec>        046152     000000	prv, dat,rel, con, gbl
<edtsec>        046174     000006	prv, dat,rel, con, gbl
<lctsec>        046254     000000	prv, dat,rel, con, gbl
<psasec>        046314     000000	prv, dat,rel, con, gbl
<pstsec>        046424     000000	prv, dat,rel, con, gbl
<rolbas>        051662     000000	prv, dat,rel, con, gbl
<rolsiz>        051720     000000	prv, dat,rel, con, gbl
<roltop>        051756     000000	prv, dat,rel, con, gbl
<xpcor >        054522     000000	prv, bss, rel, con, gbl
----------------
module:  getl      03apr4
section          orgin      size
<. abs.>        000000     000000	prv, dat,abs, ovr, gbl
<      >        040000     000000	prv, dat,rel, con, loc
<.text >        013316     002036	shr, ins, rel, con, gbl
          endc   014440 r     getlin 013316 r     if     014350 r
          ifdf   014334 r     ifeq   014334 r     iff    014410 r
          ifg    014334 r     ifge   014334 r     ifgt   014334 r
          ifl    014334 r     ifle   014334 r     iflt   014334 r
          ifndf  014334 r     ifne   014334 r     ifnz   014334 r
          ift    014402 r     iftf   014416 r     ifz    014334 r
          iif    014252 r     lsbset 015274 r     lsrch  015144 r
          setsec 014214 r     setxpr 015332 r
<.data >        040002     000000	prv, dat,rel, con, gbl
<.bss  >        051756     000000	prv, bss, rel, con, gbl
<dpure >        044122     000006	prv, dat,rel, con, gbl
<mixed >        044776     000000	prv, dat,rel, con, gbl
<errmes>        045510     000000	prv, dat,rel, con, gbl
<impure>        053502     000000	prv, bss, rel, con, gbl
<imppas>        054266     000034	prv, bss, rel, con, gbl
          cndmex 054310 r     cndwrd 054302 r     endflg 054266 r
          ffcnt  054272 r     lppcnt 054270 r     lsgbas 054320 r
          lsybas 054316 r     pagext 054276 r     seqend 054300 r
<implin>        054466     000000	prv, bss, rel, con, gbl
<swtsec>        045630     000000	prv, dat,rel, con, gbl
<cndsec>        045654     000060	prv, dat,rel, con, gbl
<crfsec>        046152     000000	prv, dat,rel, con, gbl
<edtsec>        046202     000014	prv, dat,rel, con, gbl
<lctsec>        046254     000000	prv, dat,rel, con, gbl
<psasec>        046314     000000	prv, dat,rel, con, gbl
<pstsec>        046424     000000	prv, dat,rel, con, gbl
<rolbas>        051662     000000	prv, dat,rel, con, gbl
<rolsiz>        051720     000000	prv, dat,rel, con, gbl
<roltop>        051756     000000	prv, dat,rel, con, gbl
<xpcor >        054522     000000	prv, bss, rel, con, gbl
----------------
module:  lout      10may4
section          orgin      size
<. abs.>        000000     000000	prv, dat,abs, ovr, gbl
          err.   000001 a     err.a  000002 a     err.b  000004 a
          err.e  000010 a     err.i  000020 a     err.l  000040 a
          err.m  000100 a     err.n  000200 a     err.o  000400 a
          err.p  001000 a     err.q  002000 a     err.r  004000 a
          err.t  010000 a     err.u  020000 a     err.z  040000 a
          lc.    100000 a     lc.bex 000040 a     lc.bin 000004 a
          lc.cnd 002000 a     lc.com 000020 a     lc.ld  004000 a
          lc.loc 000002 a     lc.mc  000200 a     lc.md  000100 a
          lc.me  000400 a     lc.meb 001000 a     lc.seq 000001 a
          lc.src 000010 a     lc.sym 040000 a     lc.toc 020000 a
          lc.ttm 010000 a     lst.kb 000001 a     lst.lp 000002 a
<      >        040000     000000	prv, dat,rel, con, loc
<.text >        015354     004212	shr, ins, rel, con, gbl
          endlin 015354 r     endp2l 020206 r     error  017320 r
          err.sh 016452 r     list   017540 r     nlist  017536 r
          page   017764 r     print  017262 r     putkb  020610 r
          putkbl 020620 r     putli2 020732 r     putlp  020626 r
          rem    017416 r     sbttl  017026 r     setlc  020032 r
          setpf0 020052 r     setpf1 020162 r     title  016600 r
          uc.set 020016 r     um.set 020024 r
<.data >        040002     000122	prv, dat,rel, con, gbl
          defttl 040034 r     ucflag 040066 r
<.bss  >        051756     000302	prv, bss, rel, con, gbl
          err.by 052116 r     mdepth 052256 r
<dpure >        044130     000026	prv, dat,rel, con, gbl
<mixed >        044776     000062	prv, dat,rel, con, gbl
          mxstar 045016 r     mx.gen 044776 r     mx.num 045046 r
          mx.sym 045035 r     mx.2   045054 r
<errmes>        045510     000000	prv, dat,rel, con, gbl
<impure>        053502     000444	prv, bss, rel, con, gbl
          cdrsav 053504 r     errcnt 053502 r     lcmask 054134 r
          linbuf 053566 r     linend 053772 r     lstdev 054144 r
<imppas>        054322     000102	prv, bss, rel, con, gbl
<implin>        054466     000024	prv, bss, rel, con, gbl
          errbts 054466 r     err.xx 054470 r     lblend 054500 r
          lcbegl 054474 r     lcendl 054476 r     lcflag 054472 r
<swtsec>        045630     000014	prv, dat,rel, con, gbl
<cndsec>        045734     000000	prv, dat,rel, con, gbl
<crfsec>        046152     000000	prv, dat,rel, con, gbl
<edtsec>        046216     000006	prv, dat,rel, con, gbl
<lctsec>        046254     000040	prv, dat,rel, con, gbl
<psasec>        046314     000000	prv, dat,rel, con, gbl
<pstsec>        046424     000000	prv, dat,rel, con, gbl
<rolbas>        051662     000000	prv, dat,rel, con, gbl
<rolsiz>        051720     000000	prv, dat,rel, con, gbl
<roltop>        051756     000000	prv, dat,rel, con, gbl
<xpcor >        054522     000000	prv, bss, rel, con, gbl
----------------
module:  mac       03apr4
section          orgin      size
<. abs.>        000000     000000	prv, dat,abs, ovr, gbl
          mt.mac 177603 a     mt.max 177603 a
<      >        040000     000000	prv, dat,rel, con, loc
<.text >        021566     005164	shr, ins, rel, con, gbl
          endm   022122 r     endr   022202 r     getmch 021566 r
          irp    023006 r     irpc   023004 r     macr   022422 r
          macro  022422 r     mactst 022662 r     mac.er 026714 r
          mcall  026076 r     mexit  024702 r     narg   024366 r
          nchr   024402 r     ntype  024440 r     opcerr 022262 r
          rept   021756 r
<.data >        040124     000064	prv, dat,rel, con, gbl
<.bss  >        052260     000002	prv, bss, rel, con, gbl
          macdfn 052260 r
<dpure >        044156     000020	prv, dat,rel, con, gbl
<mixed >        045060     000000	prv, dat,rel, con, gbl
<errmes>        045510     000000	prv, dat,rel, con, gbl
<impure>        054146     000036	prv, bss, rel, con, gbl
          msbmrp 054164 r
<imppas>        054424     000024	prv, bss, rel, con, gbl
          smllvl 054446 r
<implin>        054512     000000	prv, bss, rel, con, gbl
<swtsec>        045644     000000	prv, dat,rel, con, gbl
<cndsec>        045734     000020	prv, dat,rel, con, gbl
<crfsec>        046152     000000	prv, dat,rel, con, gbl
<edtsec>        046224     000000	prv, dat,rel, con, gbl
<lctsec>        046314     000000	prv, dat,rel, con, gbl
<psasec>        046314     000000	prv, dat,rel, con, gbl
<pstsec>        046424     000000	prv, dat,rel, con, gbl
<rolbas>        051662     000000	prv, dat,rel, con, gbl
<rolsiz>        051720     000000	prv, dat,rel, con, gbl
<roltop>        051756     000000	prv, dat,rel, con, gbl
<xpcor >        054522     000000	prv, bss, rel, con, gbl
----------------
module:  srch      03apr4
section          orgin      size
<. abs.>        000000     000000	prv, dat,abs, ovr, gbl
<      >        040000     000000	prv, dat,rel, con, loc
<.text >        026752     001136	shr, ins, rel, con, gbl
          append 027406 r     insert 027424 r     next   027222 r
          scan   027306 r     scanc  027272 r     scanw  027244 r
          search 027044 r     srchi  026752 r     uplift 027600 r
          zap    030024 r
<.data >        040210     000000	prv, dat,rel, con, gbl
<.bss  >        052262     000000	prv, bss, rel, con, gbl
<dpure >        044176     000000	prv, dat,rel, con, gbl
<mixed >        045060     000016	prv, dat,rel, con, gbl
          mactop 045072 r     rolndx 045064 r     rolupd 045070 r
          symbot 045074 r     upbomb 045062 r
<errmes>        045510     000000	prv, dat,rel, con, gbl
<impure>        054204     000000	prv, bss, rel, con, gbl
<imppas>        054450     000000	prv, bss, rel, con, gbl
<implin>        054512     000000	prv, bss, rel, con, gbl
<swtsec>        045644     000000	prv, dat,rel, con, gbl
<cndsec>        045754     000000	prv, dat,rel, con, gbl
<crfsec>        046152     000000	prv, dat,rel, con, gbl
<edtsec>        046224     000006	prv, dat,rel, con, gbl
<lctsec>        046314     000000	prv, dat,rel, con, gbl
<psasec>        046314     000000	prv, dat,rel, con, gbl
<pstsec>        046424     000000	prv, dat,rel, con, gbl
<rolbas>        051662     000000	prv, dat,rel, con, gbl
<rolsiz>        051720     000000	prv, dat,rel, con, gbl
<roltop>        051756     000000	prv, dat,rel, con, gbl
<xpcor >        054522     000000	prv, bss, rel, con, gbl
----------------
module:  xlat      09may4
section          orgin      size
<. abs.>        000000     000000	prv, dat,abs, ovr, gbl
          ed.abs 000001 a     ed.ama 000002 a     ed.cdr 000004 a
          ed.crf 002000 a     ed.fpt 000010 a     ed.gbl 000020 a
          ed.lc  000040 a     ed.lsb 000100 a     ed.pic 000200 a
          ed.pnc 000400 a     ed.reg 001000 a     opcl00 000000 a
          opcl01 000001 a     opcl02 000002 a     opcl03 000003 a
          opcl04 000004 a     opcl05 000005 a     opcl06 000006 a
          opcl07 000007 a     opcl08 000010 a     opcl09 000011 a
          opcl10 000012 a     opcl11 000013 a     opcl12 000014 a
          opcl13 000015 a     opcl14 000016 a
<      >        040000     000000	prv, dat,rel, con, loc
<.text >        030110     006240	shr, ins, rel, con, gbl
          aexp   032746 r     ascii  035114 r     asciz  035112 r
          asect  034130 r     asgmtf 031110 r     bisbic 035656 r
          blkb   034662 r     blkw   034660 r     byte   035050 r
          csect  034156 r     dsabl  035472 r     enabl  035474 r
          end    034062 r     eot    034722 r     even   034706 r
          globl  033724 r     gsarg  035706 r     gsargf 035714 r
          odd    034716 r     propc  031362 r     psect  034232 r
          radix  034724 r     rad50  035116 r     secini 034562 r
          setcli 030324 r     seted  035676 r     setmax 034620 r
          stmnt  030110 r     tstarg 036102 r     word   035046 r
<.data >        040210     000112	prv, dat,rel, con, gbl
          asdflt 040306 r     csdflt 040310 r     psdflt 040304 r
          r50dot 040316 r
<.bss  >        052262     000002	prv, bss, rel, con, gbl
<dpure >        044176     000000	prv, dat,rel, con, gbl
<mixed >        045076     000002	prv, dat,rel, con, gbl
          eddflt 045076 r
<errmes>        045510     000000	prv, dat,rel, con, gbl
<impure>        054204     000016	prv, bss, rel, con, gbl
          edmask 054216 r     endvec 054206 r
<imppas>        054450     000002	prv, bss, rel, con, gbl
          cradix 054450 r
<implin>        054512     000010	prv, bss, rel, con, gbl
          argcnt 054514 r     expflg 054520 r     opclas 054512 r
<swtsec>        045644     000010	prv, dat,rel, con, gbl
<cndsec>        045754     000000	prv, dat,rel, con, gbl
<crfsec>        046152     000000	prv, dat,rel, con, gbl
<edtsec>        046232     000022	prv, dat,rel, con, gbl
<lctsec>        046314     000000	prv, dat,rel, con, gbl
<psasec>        046314     000110	prv, dat,rel, con, gbl
<pstsec>        046424     000000	prv, dat,rel, con, gbl
<rolbas>        051662     000000	prv, dat,rel, con, gbl
<rolsiz>        051720     000000	prv, dat,rel, con, gbl
<roltop>        051756     000000	prv, dat,rel, con, gbl
<xpcor >        054522     000000	prv, bss, rel, con, gbl
----------------
module:  atmisc    14dec3
section          orgin      size
<. abs.>        000000     000000	prv, dat,abs, ovr, gbl
<      >        040000     000000	prv, dat,rel, con, loc
<.text >        036350     001062	shr, ins, rel, con, gbl
          cpopj  037356 r     cvtnum 037066 r     dnc    036464 r
          getchr 037176 r     getnb  037154 r     getr50 036762 r
          getsym 036634 r     movbyt 037422 r     mulr50 036742 r
          r50unp 036520 r     savreg 037324 r     setbyt 036374 r
          setchr 037202 r     setnb  037160 r     setr50 036766 r
          setsym 037144 r     setwrd 036350 r     tstr50 036770 r
          xmit0  037420 r
<.data >        040322     000000	prv, dat,rel, con, gbl
<.bss  >        052264     000000	prv, bss, rel, con, gbl
<dpure >        044176     000200	prv, dat,rel, con, gbl
          cttbl  044176 r
<mixed >        045100     000000	prv, dat,rel, con, gbl
<errmes>        045510     000000	prv, dat,rel, con, gbl
<impure>        054222     000004	prv, bss, rel, con, gbl
          chrpnt 054222 r     symbeg 054224 r
<imppas>        054452     000000	prv, bss, rel, con, gbl
<implin>        054522     000000	prv, bss, rel, con, gbl
<swtsec>        045654     000000	prv, dat,rel, con, gbl
<cndsec>        045754     000000	prv, dat,rel, con, gbl
<crfsec>        046152     000000	prv, dat,rel, con, gbl
<edtsec>        046254     000000	prv, dat,rel, con, gbl
<lctsec>        046314     000000	prv, dat,rel, con, gbl
<psasec>        046424     000000	prv, dat,rel, con, gbl
<pstsec>        046424     000000	prv, dat,rel, con, gbl
<rolbas>        051662     000000	prv, dat,rel, con, gbl
<rolsiz>        051720     000000	prv, dat,rel, con, gbl
<roltop>        051756     000000	prv, dat,rel, con, gbl
<xpcor >        054522     000000	prv, bss, rel, con, gbl
----------------
module:  pst       03apr4
section          orgin      size
<. abs.>        000000     000000	prv, dat,abs, ovr, gbl
          dflcnd 000004 a     dflgbm 000010 a     dflgdg 000040 a
          dflgev 000020 a     dflmac 000002 a     dflsmc 000001 a
<      >        040000     000000	prv, dat,rel, con, loc
<.text >        037432     000000	shr, ins, rel, con, gbl
<.data >        040322     000000	prv, dat,rel, con, gbl
<.bss  >        052264     000000	prv, bss, rel, con, gbl
<dpure >        044376     000000	prv, dat,rel, con, gbl
<mixed >        045100     000000	prv, dat,rel, con, gbl
<errmes>        045510     000000	prv, dat,rel, con, gbl
<impure>        054226     000000	prv, bss, rel, con, gbl
<imppas>        054452     000000	prv, bss, rel, con, gbl
<implin>        054522     000000	prv, bss, rel, con, gbl
<swtsec>        045654     000000	prv, dat,rel, con, gbl
<cndsec>        045754     000000	prv, dat,rel, con, gbl
<crfsec>        046152     000000	prv, dat,rel, con, gbl
<edtsec>        046254     000000	prv, dat,rel, con, gbl
<lctsec>        046314     000000	prv, dat,rel, con, gbl
<psasec>        046424     000000	prv, dat,rel, con, gbl
<pstsec>        046424     003200	prv, dat,rel, con, gbl
          wrdsym 051614 r
<rolbas>        051662     000000	prv, dat,rel, con, gbl
<rolsiz>        051720     000000	prv, dat,rel, con, gbl
<roltop>        051756     000000	prv, dat,rel, con, gbl
<xpcor >        054522     000000	prv, bss, rel, con, gbl
----------------
module:  .main.
section          orgin      size
<. abs.>        000000     000000	prv, dat,abs, ovr, gbl
<      >        040000     000000	prv, dat,rel, con, loc
<.text >        037432     000000	shr, ins, rel, con, gbl
<.data >        040322     003066	prv, dat,rel, con, gbl
          ern0   041304 r     ern1   040322 r     ern10  040625 r
          ern11  040655 r     ern12  040677 r     ern13  040715 r
          ern14  040737 r     ern140 040756 r     ern15  041035 r
          ern16  041071 r     ern17  041126 r     ern18  041171 r
          ern19  041216 r     ern2   040355 r     ern20  041266 r
          ern22  041331 r     ern23  041366 r     ern24  041424 r
          ern25  041452 r     ern26  041475 r     ern27  041542 r
          ern28  041564 r     ern29  041613 r     ern3   040401 r
          ern30  041634 r     ern31  041702 r     ern32  042005 r
          ern33  042045 r     ern34  042063 r     ern35  042112 r
          ern36  042146 r     ern37  042173 r     ern38  042225 r
          ern39  042255 r     ern4   040420 r     ern40  042301 r
          ern41  042340 r     ern42  042370 r     ern43  042412 r
          ern44  042435 r     ern45  042464 r     ern46  042547 r
          ern47  042565 r     ern48  042613 r     ern49  042643 r
          ern5   040441 r     ern50  042702 r     ern51  042725 r
          ern52  042744 r     ern53  042767 r     ern54  043014 r
          ern55  043054 r     ern56  043102 r     ern57  043127 r
          ern59  043154 r     ern6   040462 r     ern60  043171 r
          ern61  043206 r     ern62  043242 r     ern63  043272 r
          ern7   040521 r     ern70  041723 r     ern71  041755 r
          ern8   040540 r     ern80  043332 r     ern81  043366 r
          ern9   040571 r     ern90  042515 r
<.bss  >        052264     000000	prv, bss, rel, con, gbl
<dpure >        044376     000000	prv, dat,rel, con, gbl
<mixed >        045100     000000	prv, dat,rel, con, gbl
<errmes>        045510     000000	prv, dat,rel, con, gbl
<impure>        054226     000000	prv, bss, rel, con, gbl
<imppas>        054452     000000	prv, bss, rel, con, gbl
<implin>        054522     000000	prv, bss, rel, con, gbl
<swtsec>        045654     000000	prv, dat,rel, con, gbl
<cndsec>        045754     000000	prv, dat,rel, con, gbl
<crfsec>        046152     000000	prv, dat,rel, con, gbl
<edtsec>        046254     000000	prv, dat,rel, con, gbl
<lctsec>        046314     000000	prv, dat,rel, con, gbl
<psasec>        046424     000000	prv, dat,rel, con, gbl
<pstsec>        051624     000000	prv, dat,rel, con, gbl
<rolbas>        051662     000000	prv, dat,rel, con, gbl
<rolsiz>        051720     000000	prv, dat,rel, con, gbl
<roltop>        051756     000000	prv, dat,rel, con, gbl
<xpcor >        054522     000000	prv, bss, rel, con, gbl
----------------
module:  .main.
section          orgin      size
<. abs.>        000000     000000	prv, dat,abs, ovr, gbl
<      >        040000     000000	prv, dat,rel, con, loc
<.text >        037432     000126	shr, ins, rel, con, gbl
          ndebug 037516 r     sdebug 037432 r
<.data >        043410     000000	prv, dat,rel, con, gbl
<.bss  >        052264     000000	prv, bss, rel, con, gbl
<dpure >        044376     000000	prv, dat,rel, con, gbl
<mixed >        045100     000410	prv, dat,rel, con, gbl
          ..z    045106 r     ..zbuf 045310 r
<errmes>        045510     000000	prv, dat,rel, con, gbl
<impure>        054226     000000	prv, bss, rel, con, gbl
<imppas>        054452     000000	prv, bss, rel, con, gbl
<implin>        054522     000000	prv, bss, rel, con, gbl
<swtsec>        045654     000000	prv, dat,rel, con, gbl
<cndsec>        045754     000000	prv, dat,rel, con, gbl
<crfsec>        046152     000000	prv, dat,rel, con, gbl
<edtsec>        046254     000000	prv, dat,rel, con, gbl
<lctsec>        046314     000000	prv, dat,rel, con, gbl
<psasec>        046424     000000	prv, dat,rel, con, gbl
<pstsec>        051624     000000	prv, dat,rel, con, gbl
<rolbas>        051662     000000	prv, dat,rel, con, gbl
<rolsiz>        051720     000000	prv, dat,rel, con, gbl
<roltop>        051756     000000	prv, dat,rel, con, gbl
<xpcor >        054522     000000	prv, bss, rel, con, gbl
----------------
module:  often     sept81
section          orgin      size
<. abs.>        000000     000000	prv, dat,abs, ovr, gbl
<      >        040000     000000	prv, dat,rel, con, loc
<.text >        037560     000156	shr, ins, rel, con, gbl
          fixtit 037716 r     xctlin 037674 r     xctpas 037604 r
          xctprg 037560 r
<.data >        043410     000000	prv, dat,rel, con, gbl
<.bss  >        052264     000000	prv, bss, rel, con, gbl
<dpure >        044376     000000	prv, dat,rel, con, gbl
<mixed >        045510     000000	prv, dat,rel, con, gbl
<errmes>        045510     000000	prv, dat,rel, con, gbl
<impure>        054226     000000	prv, bss, rel, con, gbl
<imppas>        054452     000000	prv, bss, rel, con, gbl
<implin>        054522     000000	prv, bss, rel, con, gbl
<swtsec>        045654     000000	prv, dat,rel, con, gbl
<cndsec>        045754     000000	prv, dat,rel, con, gbl
<crfsec>        046152     000000	prv, dat,rel, con, gbl
<edtsec>        046254     000000	prv, dat,rel, con, gbl
<lctsec>        046314     000000	prv, dat,rel, con, gbl
<psasec>        046424     000000	prv, dat,rel, con, gbl
<pstsec>        051624     000000	prv, dat,rel, con, gbl
<rolbas>        051662     000000	prv, dat,rel, con, gbl
<rolsiz>        051720     000000	prv, dat,rel, con, gbl
<roltop>        051756     000000	prv, dat,rel, con, gbl
<xpcor >        054522     000000	prv, bss, rel, con, gbl
----------------
module:  xpcor 
section          orgin      size
<. abs.>        000000     000000	prv, dat,abs, ovr, gbl
          inicor 005670 a
<      >        040000     000000	prv, dat,rel, con, loc
<xpcor >        054522     013560	prv, bss, rel, con, gbl
----------------
module:  .main.
section          orgin      size
<. abs.>        000000     000000	prv, dat,abs, ovr, gbl
          $break 104421 a     $close 104406 a     $creat 104410 a
          $exec  104413 a     $exit  104401 a     $fork  104402 a
          $indir 104400 a     $open  104405 a     $read  104403 a
          $seek  104423 a     $time  104415 a     $wait  104407 a
          $write 104404 a
<      >        040000     000000	prv, dat,rel, con, loc
----------------
          div    ****** u     errref ****** u     fin    ****** u
          hdrttl ****** u     mul    ****** u     openc  ****** u
          putil2 ****** u     putn   ****** u     xmit5  ****** u
----------------
errors detected:  0
