i11.out    Linker-11 version 22may79    Mon Mar  1 12:02:08 1982

transfer address: 000000
low limit:        000000
high limit:       030312
text size:        043576
data size:        014532
bss size:         013560
Magic number:     411
----------------
module:  exec      01aug5
section          orgin      size
<. abs.>        000000     000000	prv, abs, ovr, gbl
          cmochn 000000 a     crfchn 000012 a     cr.lin 000003 a
          cr.pag 000002 a     cr.sym 000020 a     debug  000001 a
          dflgtb 000000 a     errrol 000001 a     io.eof 000010 a
          io.eoi 000040 a     io.err 000020 a     io.ini 000001 a
          io.opn 000002 a     io.tty 000004 a     lstchn 000004 a
          objchn 000006 a     objlen 000052 a     pdpv45 000000 a
          rsx11d 000000 a     smlchn 000010 a     srcchn 000002 a
          x40    000000 a
<      >        000000     000000	prv, rel, con, loc
<.text >        000000     010214	shr, ins, rel, con, gbl
          ap.ext 005206 r     ckvtc  007636 r     crfdef 006622 r
          crfref 006626 r     crfset 006542 r     cr.set 004224 r
          cvtim  007676 r     da.set 004006 r     dc.set 004014 r
          de.set 003740 r     dp.set 004022 r     dx.set 004026 r
          finp1  004474 r     finsml 006142 r     getic  005362 r
          getsrc 005500 r     ha.set 003710 r     inip0  003312 r
          inip0z 004444 r     inip1  004370 r     inip2  004406 r
          inip2f 004424 r     inisml 006046 r     lp.set 004146 r
          ls.set 004164 r     lt.set 003646 r     macovf 005346 r
          mk.up  003530 r     mx.set 003614 r     my.set 003632 r
          no.set 003564 r     ns.set 003674 r     openo  004506 r
          putoc  006002 r     putxrf 007614 r     serror 005320 r
          setdn  005232 r     setten 003640 r     src.ap 005202 r
          start  000000 r     sx.set 003572 r     symovf 005336 r
          tstreg 007412 r     u.set  003600 r     xs.set 003702 r
          xx.set 003606 r     yearl  010174 r     zclose 006474 r
          zopen  006166 r     zread  006210 r     zrlse  006530 r
          zwrite 006304 r     $$exit 003276 r
<.data >        000000     000002	prv, rel, con, gbl
          verita 000000 r
<.bss  >        003410     000000	prv, rel, con, gbl
<dpure >        003716     000350	prv, rel, con, gbl
          crfrun 004162 r     crftyp 004154 r     finmsg 004033 r
          ioltbl 004112 r     lpargs 003716 r     lprrun 003724 r
          macerr 003746 r     mo.tab 004206 r     ncmsg  004071 r
          nfmsg  004056 r     swcerr 004020 r     symerr 003772 r
<mixed >        004714     000366	prv, rel, con, gbl
          bintbl 005202 r     buftbl 005166 r     cnttbl 005152 r
          crefav 005010 r     crflag 005022 r     dattim 005040 r
          decid  005117 r     exttbl 005136 r     harvid 005102 r
          iargc  004716 r     iargv  004720 r     montab 005252 r
          symhp  004726 r     symlp  004724 r     vernam 005062 r
          $brkad 005250 r     $brksy 005246 r     $crtnm 005234 r
          $crtsy 005232 r     $feb   005254 r     $opnmd 005244 r
          $opnnm 005242 r     $opnsy 005240 r     $rdbfp 005226 r
          $rdcnt 005230 r     $rdsys 005224 r     $wrbfp 005220 r
          $wrcnt 005222 r     $wrsys 005216 r
<errmes>        006026     000000	prv, rel, con, gbl
<impure>        006026     000756	prv, rel, con, gbl
          chntbl 006152 r     chrtbl 006136 r     cmobuf 006174 r
          crflin 006776 r     crfpag 006774 r     crfpnt 006766 r
          crfsym 006754 r     esrcna 006056 r     ioftbl 006122 r
          lpflag 006040 r     lstflg 006026 r     lttflg 006030 r
          mx.flg 006042 r     my.flg 006046 r     nmonth 007002 r
          nyear  007000 r     objbuf 006544 r     pdp10  006052 r
          smlbuf 006630 r     smlfil 006062 r     smlnam 006060 r
          srcbuf 006326 r     srcnam 006054 r     sx.flg 006050 r
          u.flag 006036 r     vtcnt  006762 r     xxxreg 006770 r
          xx.flg 006044 r
<imppas>        007770     000010	prv, rel, con, gbl
          fileln 007776 r     linnum 007772 r     pagnum 007770 r
<implin>        010214     000004	prv, rel, con, gbl
          crfdfl 010216 r
<swtsec>        010264     000120	prv, rel, con, gbl
<cndsec>        010430     000000	prv, rel, con, gbl
<crfsec>        010530     000176	prv, rel, con, gbl
<edtsec>        010726     000006	prv, rel, con, gbl
<lctsec>        011030     000000	prv, rel, con, gbl
<psasec>        011070     000000	prv, rel, con, gbl
<pstsec>        011200     000000	prv, rel, con, gbl
<rolbas>        014400     000000	prv, rel, con, gbl
<rolsiz>        014436     000000	prv, rel, con, gbl
<roltop>        014474     000000	prv, rel, con, gbl
<xpcor >        014532     000000	prv, rel, con, gbl
----------------
module:  main      03apr4
section          orgin      size
<. abs.>        000000     000000	prv, abs, ovr, gbl
          cndrol 000020 a     codrol 000014 a     crfrol 000034 a
          dmarol 000006 a     dumrol 000016 a     edtrol 000024 a
          lcdrol 000026 a     lsyrol 000010 a     macrol 000004 a
          psarol 000030 a     pstrol 000032 a     regrol 000000 a
          secrol 000012 a     swtrol 000022 a     symrol 000002 a
<      >        014532     000000	prv, rel, con, loc
<.text >        010214     000262	shr, ins, rel, con, gbl
          endp1  010324 r     endp2  010376 r     prop1  010214 r
          prop2  010266 r     prosw  010412 r
<.data >        000002     000000	prv, rel, con, gbl
<.bss  >        003410     000000	prv, rel, con, gbl
<dpure >        004266     000020	prv, rel, con, gbl
          regtbl 004266 r
<mixed >        005302     000000	prv, rel, con, gbl
<errmes>        006026     000000	prv, rel, con, gbl
<impure>        007004     000006	prv, rel, con, gbl
          bksiz  007006 r     pass   007004 r
<imppas>        010000     000024	prv, rel, con, gbl
          clcfgs 010016 r     clcloc 010020 r     clcmax 010022 r
          clcnam 010012 r     clcsec 010017 r     flags  010004 r
          mode   010004 r     rellvl 010010 r     sector 010005 r
          symbol 010000 r     value  010006 r
<implin>        010220     000002	prv, rel, con, gbl
          exmflg 010220 r
<swtsec>        010404     000000	prv, rel, con, gbl
<cndsec>        010430     000000	prv, rel, con, gbl
<crfsec>        010726     000000	prv, rel, con, gbl
<edtsec>        010734     000000	prv, rel, con, gbl
<lctsec>        011030     000000	prv, rel, con, gbl
<psasec>        011070     000000	prv, rel, con, gbl
<pstsec>        011200     000000	prv, rel, con, gbl
<rolbas>        014400     000036	prv, rel, con, gbl
<rolsiz>        014436     000036	prv, rel, con, gbl
<roltop>        014474     000036	prv, rel, con, gbl
<xpcor >        014532     000000	prv, rel, con, gbl
----------------
module:  code      10may4
section          orgin      size
<. abs.>        000000     000000	prv, abs, ovr, gbl
          blkssy 000022 a     blksye 000021 a
<      >        014532     000000	prv, rel, con, loc
<.text >        010476     002056	shr, ins, rel, con, gbl
          dmprld 012116 r     endp1c 011036 r     endp2c 011332 r
          gsddmp 011316 r     ident  010762 r     limit  010706 r
          locdmp 012210 r     objdmf 012054 r     objdmp 012032 r
          objini 012100 r     objinx 012114 r     pcroll 011536 r
          pcrolx 011750 r     pncset 012022 r     setdsp 010540 r
          setdsx 010640 r     setds1 010576 r     setds2 010610 r
          setds3 010634 r     setimm 010476 r     setrld 012202 r
          stcode 011524 r     tor50  012350 r     unlocl 012306 r
<.data >        000002     000000	prv, rel, con, gbl
<.bss  >        003410     000000	prv, rel, con, gbl
<dpure >        004306     000000	prv, rel, con, gbl
<mixed >        005302     000012	prv, rel, con, gbl
          work.x 005302 r
<errmes>        006026     000000	prv, rel, con, gbl
<impure>        007012     000170	prv, rel, con, gbl
          objpnt 007034 r     out$ym 007032 r     prgidn 007022 r
          prgttl 007012 r     rldtmp 007036 r
<imppas>        010024     000004	prv, rel, con, gbl
          objloc 010026 r     objsec 010025 r
<implin>        010222     000002	prv, rel, con, gbl
          pcrcnt 010222 r
<swtsec>        010404     000000	prv, rel, con, gbl
<cndsec>        010430     000000	prv, rel, con, gbl
<crfsec>        010726     000000	prv, rel, con, gbl
<edtsec>        010734     000006	prv, rel, con, gbl
<lctsec>        011030     000000	prv, rel, con, gbl
<psasec>        011070     000000	prv, rel, con, gbl
<pstsec>        011200     000000	prv, rel, con, gbl
<rolbas>        014436     000000	prv, rel, con, gbl
<rolsiz>        014474     000000	prv, rel, con, gbl
<roltop>        014532     000000	prv, rel, con, gbl
<xpcor >        014532     000000	prv, rel, con, gbl
----------------
module:  expr      16jan4
section          orgin      size
<. abs.>        000000     000000	prv, abs, ovr, gbl
<      >        014532     000000	prv, rel, con, loc
<.text >        012554     003150	shr, ins, rel, con, gbl
          abserr 013732 r     abserx 014012 r     absexp 013716 r
          abstrm 013710 r     abstst 013722 r     bopadd 013450 r
          bopand 013546 r     bopdiv 013606 r     bopdvx 013632 r
          bopior 013554 r     bopmul 013560 r     bopsub 013436 r
          chscan 015642 r     expr   012574 r     exprg  012554 r
          expxxx 013220 r     expyyy 013312 r     glbtrm 013644 r
          mk.upp 015702 r     relexp 013672 r     reltst 013676 r
          r50prc 015436 r     r50xit 015434 r     term   014020 r
          term10 014072 r     term20 014662 r     term27 015156 r
          term28 015162 r     term30 015172 r     term42 015214 r
          term44 015224 r     term45 015226 r     term46 015260 r
          term47 015272 r     term48 015304 r     term50 015310 r
          term51 015324 r     term52 015334 r     term53 015340 r
          term54 015344 r     term55 015472 r     term56 015502 r
          trmr50 015404 r
<.data >        000002     000000	prv, rel, con, gbl
<.bss  >        003410     000000	prv, rel, con, gbl
<dpure >        004306     000126	prv, rel, con, gbl
          boptbl 004306 r     uartbl 004376 r     uoptbl 004340 r
<mixed >        005314     000000	prv, rel, con, gbl
<errmes>        006026     000000	prv, rel, con, gbl
<impure>        007202     000012	prv, rel, con, gbl
          expbak 007202 r
<imppas>        010030     000000	prv, rel, con, gbl
<implin>        010224     000002	prv, rel, con, gbl
          oprflg 010224 r
<swtsec>        010404     000000	prv, rel, con, gbl
<cndsec>        010430     000000	prv, rel, con, gbl
<crfsec>        010726     000000	prv, rel, con, gbl
<edtsec>        010742     000006	prv, rel, con, gbl
<lctsec>        011030     000000	prv, rel, con, gbl
<psasec>        011070     000000	prv, rel, con, gbl
<pstsec>        011200     000000	prv, rel, con, gbl
<rolbas>        014436     000000	prv, rel, con, gbl
<rolsiz>        014474     000000	prv, rel, con, gbl
<roltop>        014532     000000	prv, rel, con, gbl
<xpcor >        014532     000000	prv, rel, con, gbl
----------------
module:  fltg      27dec3
section          orgin      size
<. abs.>        000000     000000	prv, abs, ovr, gbl
<      >        014532     000000	prv, rel, con, loc
<.text >        015724     001232	shr, ins, rel, con, gbl
          fg53$  016602 r     fltgad 017070 r     fltgex 016764 r
          fltgls 017130 r     fltgrs 017112 r     fltgsv 017144 r
          fltg1w 016052 r     fltg2w 016046 r     fltg3  016304 r
          fltg4w 016042 r     fltg5  016474 r     fltm50 017054 r
          fltm54 017020 r     flt2   015726 r     flt4   015724 r
          fp.2   016020 r     fp.9   016040 r     fp57$  016760 r
<.data >        000002     000000	prv, rel, con, gbl
<.bss  >        003410     000000	prv, rel, con, gbl
<dpure >        004434     000004	prv, rel, con, gbl
          fltpnt 004434 r
<mixed >        005314     000000	prv, rel, con, gbl
<errmes>        006026     000000	prv, rel, con, gbl
<impure>        007214     000030	prv, rel, con, gbl
          fltbeg 007214 r     fltbex 007222 r     fltbuf 007224 r
          fltdot 007216 r     fltexp 007220 r     fltsav 007234 r
          fltsgn 007214 r
<imppas>        010030     000000	prv, rel, con, gbl
<implin>        010226     000002	prv, rel, con, gbl
          fltwdc 010226 r
<swtsec>        010404     000000	prv, rel, con, gbl
<cndsec>        010430     000000	prv, rel, con, gbl
<crfsec>        010726     000000	prv, rel, con, gbl
<edtsec>        010750     000006	prv, rel, con, gbl
<lctsec>        011030     000000	prv, rel, con, gbl
<psasec>        011070     000000	prv, rel, con, gbl
<pstsec>        011200     000000	prv, rel, con, gbl
<rolbas>        014436     000000	prv, rel, con, gbl
<rolsiz>        014474     000000	prv, rel, con, gbl
<roltop>        014532     000000	prv, rel, con, gbl
<xpcor >        014532     000000	prv, rel, con, gbl
----------------
module:  getl      03apr4
section          orgin      size
<. abs.>        000000     000000	prv, abs, ovr, gbl
<      >        014532     000000	prv, rel, con, loc
<.text >        017156     002036	shr, ins, rel, con, gbl
          endc   020300 r     endcx  020316 r     getlin 017156 r
          getl40 017772 r     if     020210 r     ifdf   020174 r
          ifeq   020174 r     iff    020250 r     ifg    020174 r
          ifge   020174 r     ifgt   020174 r     ifl    020174 r
          ifle   020174 r     iflt   020174 r     ifndf  020174 r
          ifne   020174 r     ifnz   020174 r     ifoerr 020352 r
          ifoer1 020432 r     ift    020242 r     iftf   020256 r
          ifz    020174 r     if1    020214 r     iif    020112 r
          lsbset 021134 r     lsbtst 021130 r     lsrch  021004 r
          lsrch3 021116 r     setsec 020054 r     setxpr 021172 r
          tcon   020512 r     tcondf 020672 r     tconeq 020640 r
          tconf  020516 r     tcongt 020652 r     tconlt 020662 r
          tcontr 020650 r     tcon8  020634 r
<.data >        000002     000000	prv, rel, con, gbl
<.bss  >        003410     000000	prv, rel, con, gbl
<dpure >        004440     000006	prv, rel, con, gbl
          getltb 004442 r
<mixed >        005314     000000	prv, rel, con, gbl
<errmes>        006026     000000	prv, rel, con, gbl
<impure>        007244     000000	prv, rel, con, gbl
<imppas>        010030     000034	prv, rel, con, gbl
          cndlvl 010050 r     cndmex 010052 r     cndmsk 010046 r
          cndwrd 010044 r     endflg 010030 r     ffcnt  010034 r
          lppcnt 010032 r     lsgbas 010062 r     lsybas 010060 r
          lsybkn 010056 r     lsyflg 010054 r     pagext 010040 r
          seqend 010042 r
<implin>        010230     000000	prv, rel, con, gbl
<swtsec>        010404     000000	prv, rel, con, gbl
<cndsec>        010430     000060	prv, rel, con, gbl
<crfsec>        010726     000000	prv, rel, con, gbl
<edtsec>        010756     000014	prv, rel, con, gbl
<lctsec>        011030     000000	prv, rel, con, gbl
<psasec>        011070     000000	prv, rel, con, gbl
<pstsec>        011200     000000	prv, rel, con, gbl
<rolbas>        014436     000000	prv, rel, con, gbl
<rolsiz>        014474     000000	prv, rel, con, gbl
<roltop>        014532     000000	prv, rel, con, gbl
<xpcor >        014532     000000	prv, rel, con, gbl
----------------
module:  lout      10may4
section          orgin      size
<. abs.>        000000     000000	prv, abs, ovr, gbl
          err.   000001 a     err.a  000002 a     err.b  000004 a
          err.e  000010 a     err.i  000020 a     err.l  000040 a
          err.m  000100 a     err.n  000200 a     err.o  000400 a
          err.p  001000 a     err.q  002000 a     err.r  004000 a
          err.t  010000 a     err.u  020000 a     err.z  040000 a
          lc.    100000 a     lc.bex 000040 a     lc.bin 000004 a
          lc.cnd 002000 a     lc.com 000020 a     lc.ld  004000 a
          lc.loc 000002 a     lc.mc  000200 a     lc.md  000100 a
          lc.me  000400 a     lc.meb 001000 a     lc.seq 000001 a
          lc.src 000010 a     lc.sym 040000 a     lc.toc 020000 a
          lc.ttm 010000 a     lst.kb 000001 a     lst.lp 000002 a
<      >        014532     000000	prv, rel, con, loc
<.text >        021214     004212	shr, ins, rel, con, gbl
          endlin 021214 r     endp2l 024046 r     error  023160 r
          err.sh 022312 r     list   023400 r     nlist  023376 r
          page   023624 r     print  023122 r     putkb  024450 r
          putkbl 024460 r     putli2 024572 r     putlp  024466 r
          rem    023256 r     sbttl  022666 r     setlc  023672 r
          setpf0 023712 r     setpf1 024022 r     title  022440 r
          uc.set 023656 r     um.set 023664 r
<.data >        000002     000122	prv, rel, con, gbl
          defttl 000034 r     ucflag 000066 r
<.bss  >        003410     000302	prv, rel, con, gbl
          err.by 003550 r     mdepth 003710 r
<dpure >        004446     000026	prv, rel, con, gbl
<mixed >        005314     000062	prv, rel, con, gbl
          mxstar 005334 r     mx.gen 005314 r     mx.num 005364 r
          mx.sym 005353 r     mx.2   005372 r
<errmes>        006026     000000	prv, rel, con, gbl
<impure>        007244     000444	prv, rel, con, gbl
          cdrsav 007246 r     errcnt 007244 r     lcmask 007676 r
          linbuf 007330 r     linend 007534 r     lstdev 007706 r
<imppas>        010064     000102	prv, rel, con, gbl
<implin>        010230     000024	prv, rel, con, gbl
          errbts 010230 r     err.xx 010232 r     lblend 010242 r
          lcbegl 010236 r     lcendl 010240 r     lcflag 010234 r
<swtsec>        010404     000014	prv, rel, con, gbl
<cndsec>        010510     000000	prv, rel, con, gbl
<crfsec>        010726     000000	prv, rel, con, gbl
<edtsec>        010772     000006	prv, rel, con, gbl
<lctsec>        011030     000040	prv, rel, con, gbl
<psasec>        011070     000000	prv, rel, con, gbl
<pstsec>        011200     000000	prv, rel, con, gbl
<rolbas>        014436     000000	prv, rel, con, gbl
<rolsiz>        014474     000000	prv, rel, con, gbl
<roltop>        014532     000000	prv, rel, con, gbl
<xpcor >        014532     000000	prv, rel, con, gbl
----------------
module:  mac       03apr4
section          orgin      size
<. abs.>        000000     000000	prv, abs, ovr, gbl
          mt.mac 177603 a     mt.max 177603 a
<      >        014532     000000	prv, rel, con, loc
<.text >        025426     005164	shr, ins, rel, con, gbl
          decmac 031556 r     endm   025762 r     endmac 025726 r
          endr   026042 r     getblk 031476 r     getmch 025426 r
          getmc2 025576 r     gmarg  031042 r     gmargf 031050 r
          gmargx 031360 r     gm21   031324 r     incmac 031550 r
          irp    026646 r     irpc   026644 r     macr   026262 r
          macro  026262 r     mactst 026522 r     mac.er 032554 r
          mac3   026504 r     mcall  031736 r     mexit  030542 r
          mex1   030630 r     mpop   031660 r     mpush  031610 r
          msrch  026626 r     narg   030226 r     nchr   030242 r
          ntype  030300 r     ntyper 030462 r     ntypex 030344 r
          opcerr 026122 r     prmc10 027356 r     prmc20 027424 r
          prmc30 027466 r     prmc4  027272 r     prmc40 027626 r
          prmc7  027314 r     proma  027044 r     promc  027142 r
          promcf 027144 r     promt  027656 r     remmax 031606 r
          rept   025616 r     rmarg  031362 r     smltst 032514 r
          tcb    030632 r     tcberx 030726 r     tcid   030730 r
          tcidf  031034 r     tcidt  031036 r     wcimt  031420 r
<.data >        000124     000064	prv, rel, con, gbl
          mac.xx 000124 r
<.bss  >        003712     000002	prv, rel, con, gbl
          macdfn 003712 r
<dpure >        004474     000020	prv, rel, con, gbl
          sysmac 004474 r
<mixed >        005376     000000	prv, rel, con, gbl
<errmes>        006026     000000	prv, rel, con, gbl
<impure>        007710     000036	prv, rel, con, gbl
          argmax 007736 r     concnt 007734 r     getmcs 007710 r
          macgsb 007744 r     maclvl 007732 r     macnam 007740 r
          macnxt 007730 r     msbarg 007720 r     msbblk 007712 r
          msbcnt 007722 r     msbend 007730 r     msbmrp 007726 r
          msbtxt 007716 r     msbtyp 007712 r
<imppas>        010166     000024	prv, rel, con, gbl
          gmablk 010170 r     gmapnt 010166 r     smllvl 010210 r
<implin>        010254     000000	prv, rel, con, gbl
<swtsec>        010420     000000	prv, rel, con, gbl
<cndsec>        010510     000020	prv, rel, con, gbl
<crfsec>        010726     000000	prv, rel, con, gbl
<edtsec>        011000     000000	prv, rel, con, gbl
<lctsec>        011070     000000	prv, rel, con, gbl
<psasec>        011070     000000	prv, rel, con, gbl
<pstsec>        011200     000000	prv, rel, con, gbl
<rolbas>        014436     000000	prv, rel, con, gbl
<rolsiz>        014474     000000	prv, rel, con, gbl
<roltop>        014532     000000	prv, rel, con, gbl
<xpcor >        014532     000000	prv, rel, con, gbl
----------------
module:  srch      03apr4
section          orgin      size
<. abs.>        000000     000000	prv, abs, ovr, gbl
<      >        014532     000000	prv, rel, con, loc
<.text >        032612     001136	shr, ins, rel, con, gbl
          append 033246 r     inserf 033270 r     insert 033264 r
          next   033062 r     scan   033146 r     scanc  033132 r
          scanf  033152 r     scanw  033104 r     scanx  033204 r
          scanxf 033202 r     scany  033216 r     search 032704 r
          setrof 033706 r     setrol 033702 r     srchi  032612 r
          uplift 033440 r     zap    033664 r
<.data >        000210     000000	prv, rel, con, gbl
<.bss  >        003714     000000	prv, rel, con, gbl
<dpure >        004514     000000	prv, rel, con, gbl
<mixed >        005376     000016	prv, rel, con, gbl
          mactop 005410 r     rolndx 005402 r     rolpnt 005404 r
          rolupd 005406 r     symbot 005412 r     upbomb 005400 r
          upgap  005376 r
<errmes>        006026     000000	prv, rel, con, gbl
<impure>        007746     000000	prv, rel, con, gbl
<imppas>        010212     000000	prv, rel, con, gbl
<implin>        010254     000000	prv, rel, con, gbl
<swtsec>        010420     000000	prv, rel, con, gbl
<cndsec>        010530     000000	prv, rel, con, gbl
<crfsec>        010726     000000	prv, rel, con, gbl
<edtsec>        011000     000006	prv, rel, con, gbl
<lctsec>        011070     000000	prv, rel, con, gbl
<psasec>        011070     000000	prv, rel, con, gbl
<pstsec>        011200     000000	prv, rel, con, gbl
<rolbas>        014436     000000	prv, rel, con, gbl
<rolsiz>        014474     000000	prv, rel, con, gbl
<roltop>        014532     000000	prv, rel, con, gbl
<xpcor >        014532     000000	prv, rel, con, gbl
----------------
module:  xlat      09may4
section          orgin      size
<. abs.>        000000     000000	prv, abs, ovr, gbl
          ed.abs 000001 a     ed.ama 000002 a     ed.cdr 000004 a
          ed.crf 002000 a     ed.fpt 000010 a     ed.gbl 000020 a
          ed.lc  000040 a     ed.lsb 000100 a     ed.pic 000200 a
          ed.pnc 000400 a     ed.reg 001000 a     opcl00 000000 a
          opcl01 000001 a     opcl02 000002 a     opcl03 000003 a
          opcl04 000004 a     opcl05 000005 a     opcl06 000006 a
          opcl07 000007 a     opcl08 000010 a     opcl09 000011 a
          opcl10 000012 a     opcl11 000013 a     opcl12 000014 a
          opcl13 000015 a     opcl14 000016 a
<      >        014532     000000	prv, rel, con, loc
<.text >        033750     006240	shr, ins, rel, con, gbl
          aexp   036606 r     aexplp 037370 r     aexpxp 037472 r
          aexp20 037122 r     aexp22 037126 r     aexp30 037344 r
          aexp32 037352 r     aexp34 037356 r     aexp36 037364 r
          aex1   037556 r     ascii  040754 r     asciz  040752 r
          asect  037770 r     asgmt  034654 r     asgmtf 034750 r
          asgmtx 035132 r     bisbic 041516 r     blkb   040522 r
          blkw   040520 r     brop   036144 r     byte   040710 r
          csect  040016 r     csectf 040044 r     drgexp 036452 r
          dsabl  041332 r     enabl  041334 r     end    037722 r
          endabl 041514 r     eot    040562 r     even   040546 r
          globl  037564 r     globl3 037720 r     gsarg  041546 r
          gsargf 041554 r     gsa.2$ 041726 r     label  034266 r
          labelf 034316 r     markop 036510 r     mark1  036604 r
          maskb6 036514 r     maskr3 036520 r     odd    040556 r
          propc  035222 r     prop23 036044 r     psect  040072 r
          psecta 040322 r     psectf 040272 r     radix  040564 r
          rad2$  040676 r     rad50  040756 r     regexp 036046 r
          reg1   036142 r     secini 040422 r     setcli 034164 r
          seted  041536 r     setmax 040460 r     sobop  036476 r
          splop  036464 r     stmnt  033750 r     trapop 036350 r
          tstarg 041742 r     word   040706 r
<.data >        000210     000112	prv, rel, con, gbl
          asdflt 000306 r     csdflt 000310 r     opjtbl 000210 r
          psdflt 000304 r     r50abs 000312 r     r50dot 000316 r
<.bss  >        003714     000002	prv, rel, con, gbl
          silly  003714 r
<dpure >        004514     000000	prv, rel, con, gbl
<mixed >        005414     000002	prv, rel, con, gbl
          eddflt 005414 r
<errmes>        006026     000000	prv, rel, con, gbl
<impure>        007746     000016	prv, rel, con, gbl
          dfgtmp 007746 r     edmask 007760 r     edmcsi 007762 r
          endvec 007750 r
<imppas>        010212     000002	prv, rel, con, gbl
          cradix 010212 r
<implin>        010254     000010	prv, rel, con, gbl
          argcnt 010256 r     argpnt 010260 r     expflg 010262 r
          opclas 010254 r
<swtsec>        010420     000010	prv, rel, con, gbl
<cndsec>        010530     000000	prv, rel, con, gbl
<crfsec>        010726     000000	prv, rel, con, gbl
<edtsec>        011006     000022	prv, rel, con, gbl
<lctsec>        011070     000000	prv, rel, con, gbl
<psasec>        011070     000110	prv, rel, con, gbl
<pstsec>        011200     000000	prv, rel, con, gbl
<rolbas>        014436     000000	prv, rel, con, gbl
<rolsiz>        014474     000000	prv, rel, con, gbl
<roltop>        014532     000000	prv, rel, con, gbl
<xpcor >        014532     000000	prv, rel, con, gbl
----------------
module:  atmisc    14dec3
section          orgin      size
<. abs.>        000000     000000	prv, abs, ovr, gbl
<      >        014532     000000	prv, rel, con, loc
<.text >        042210     001062	shr, ins, rel, con, gbl
          cpopj  043216 r     cvtnum 042726 r     dnc    042324 r
          getchr 043036 r     getnb  043014 r     getr50 042622 r
          getsym 042474 r     movbyt 043262 r     mulr50 042602 r
          r50unp 042360 r     savreg 043164 r     setbyt 042234 r
          setbyx 042270 r     setchr 043042 r     setnb  043020 r
          setr50 042626 r     setsym 043004 r     setwrd 042210 r
          tstr50 042630 r     xmit0  043260 r
<.data >        000322     000000	prv, rel, con, gbl
<.bss  >        003716     000000	prv, rel, con, gbl
<dpure >        004514     000200	prv, rel, con, gbl
          cttbl  004514 r
<mixed >        005416     000000	prv, rel, con, gbl
<errmes>        006026     000000	prv, rel, con, gbl
<impure>        007764     000004	prv, rel, con, gbl
          chrpnt 007764 r     symbeg 007766 r
<imppas>        010214     000000	prv, rel, con, gbl
<implin>        010264     000000	prv, rel, con, gbl
<swtsec>        010430     000000	prv, rel, con, gbl
<cndsec>        010530     000000	prv, rel, con, gbl
<crfsec>        010726     000000	prv, rel, con, gbl
<edtsec>        011030     000000	prv, rel, con, gbl
<lctsec>        011070     000000	prv, rel, con, gbl
<psasec>        011200     000000	prv, rel, con, gbl
<pstsec>        011200     000000	prv, rel, con, gbl
<rolbas>        014436     000000	prv, rel, con, gbl
<rolsiz>        014474     000000	prv, rel, con, gbl
<roltop>        014532     000000	prv, rel, con, gbl
<xpcor >        014532     000000	prv, rel, con, gbl
----------------
module:  pst       03apr4
section          orgin      size
<. abs.>        000000     000000	prv, abs, ovr, gbl
          dflcnd 000004 a     dflgbm 000010 a     dflgdg 000040 a
          dflgev 000020 a     dflmac 000002 a     dflsmc 000001 a
<      >        014532     000000	prv, rel, con, loc
<.text >        043272     000000	shr, ins, rel, con, gbl
<.data >        000322     000000	prv, rel, con, gbl
<.bss  >        003716     000000	prv, rel, con, gbl
<dpure >        004714     000000	prv, rel, con, gbl
<mixed >        005416     000000	prv, rel, con, gbl
<errmes>        006026     000000	prv, rel, con, gbl
<impure>        007770     000000	prv, rel, con, gbl
<imppas>        010214     000000	prv, rel, con, gbl
<implin>        010264     000000	prv, rel, con, gbl
<swtsec>        010430     000000	prv, rel, con, gbl
<cndsec>        010530     000000	prv, rel, con, gbl
<crfsec>        010726     000000	prv, rel, con, gbl
<edtsec>        011030     000000	prv, rel, con, gbl
<lctsec>        011070     000000	prv, rel, con, gbl
<psasec>        011200     000000	prv, rel, con, gbl
<pstsec>        011200     003200	prv, rel, con, gbl
          wrdsym 014370 r
<rolbas>        014436     000000	prv, rel, con, gbl
<rolsiz>        014474     000000	prv, rel, con, gbl
<roltop>        014532     000000	prv, rel, con, gbl
<xpcor >        014532     000000	prv, rel, con, gbl
----------------
module:  xpcor 
section          orgin      size
<. abs.>        000000     000000	prv, abs, ovr, gbl
          inicor 005670 a
<      >        014532     000000	prv, rel, con, loc
<xpcor >        014532     013560	prv, bss, rel, con, loc
----------------
module:  .main.
section          orgin      size
<. abs.>        000000     000000	prv, abs, ovr, gbl
<      >        014532     000000	prv, rel, con, loc
<.text >        043272     000000	shr, ins, rel, con, gbl
<.data >        000322     003066	prv, rel, con, gbl
          ern0   001304 r     ern1   000322 r     ern10  000625 r
          ern11  000655 r     ern12  000677 r     ern13  000715 r
          ern14  000737 r     ern140 000756 r     ern15  001035 r
          ern16  001071 r     ern17  001126 r     ern18  001171 r
          ern19  001216 r     ern2   000355 r     ern20  001266 r
          ern22  001331 r     ern23  001366 r     ern24  001424 r
          ern25  001452 r     ern26  001475 r     ern27  001542 r
          ern28  001564 r     ern29  001613 r     ern3   000401 r
          ern30  001634 r     ern31  001702 r     ern32  002005 r
          ern33  002045 r     ern34  002063 r     ern35  002112 r
          ern36  002146 r     ern37  002173 r     ern38  002225 r
          ern39  002255 r     ern4   000420 r     ern40  002301 r
          ern41  002340 r     ern42  002370 r     ern43  002412 r
          ern44  002435 r     ern45  002464 r     ern46  002547 r
          ern47  002565 r     ern48  002613 r     ern49  002643 r
          ern5   000441 r     ern50  002702 r     ern51  002725 r
          ern52  002744 r     ern53  002767 r     ern54  003014 r
          ern55  003054 r     ern56  003102 r     ern57  003127 r
          ern59  003154 r     ern6   000462 r     ern60  003171 r
          ern61  003206 r     ern62  003242 r     ern63  003272 r
          ern7   000521 r     ern70  001723 r     ern71  001755 r
          ern8   000540 r     ern80  003332 r     ern81  003366 r
          ern9   000571 r     ern90  002515 r
<.bss  >        003716     000000	prv, rel, con, gbl
<dpure >        004714     000000	prv, rel, con, gbl
<mixed >        005416     000000	prv, rel, con, gbl
<errmes>        006026     000000	prv, rel, con, gbl
<impure>        007770     000000	prv, rel, con, gbl
<imppas>        010214     000000	prv, rel, con, gbl
<implin>        010264     000000	prv, rel, con, gbl
<swtsec>        010430     000000	prv, rel, con, gbl
<cndsec>        010530     000000	prv, rel, con, gbl
<crfsec>        010726     000000	prv, rel, con, gbl
<edtsec>        011030     000000	prv, rel, con, gbl
<lctsec>        011070     000000	prv, rel, con, gbl
<psasec>        011200     000000	prv, rel, con, gbl
<pstsec>        014400     000000	prv, rel, con, gbl
<rolbas>        014436     000000	prv, rel, con, gbl
<rolsiz>        014474     000000	prv, rel, con, gbl
<roltop>        014532     000000	prv, rel, con, gbl
<xpcor >        014532     000000	prv, rel, con, gbl
----------------
module:  .main.
section          orgin      size
<. abs.>        000000     000000	prv, abs, ovr, gbl
<      >        014532     000000	prv, rel, con, loc
<.text >        043272     000126	shr, ins, rel, con, gbl
          ndebug 043356 r     sdebug 043272 r
<.data >        003410     000000	prv, rel, con, gbl
<.bss  >        003716     000000	prv, rel, con, gbl
<dpure >        004714     000000	prv, rel, con, gbl
<mixed >        005416     000410	prv, rel, con, gbl
          sys    005416 r     ..n    005422 r     ..s    005426 r
          ..z    005424 r     ..zbuf 005626 r
<errmes>        006026     000000	prv, rel, con, gbl
<impure>        007770     000000	prv, rel, con, gbl
<imppas>        010214     000000	prv, rel, con, gbl
<implin>        010264     000000	prv, rel, con, gbl
<swtsec>        010430     000000	prv, rel, con, gbl
<cndsec>        010530     000000	prv, rel, con, gbl
<crfsec>        010726     000000	prv, rel, con, gbl
<edtsec>        011030     000000	prv, rel, con, gbl
<lctsec>        011070     000000	prv, rel, con, gbl
<psasec>        011200     000000	prv, rel, con, gbl
<pstsec>        014400     000000	prv, rel, con, gbl
<rolbas>        014436     000000	prv, rel, con, gbl
<rolsiz>        014474     000000	prv, rel, con, gbl
<roltop>        014532     000000	prv, rel, con, gbl
<xpcor >        014532     000000	prv, rel, con, gbl
----------------
module:  often     sept81
section          orgin      size
<. abs.>        000000     000000	prv, abs, ovr, gbl
<      >        014532     000000	prv, rel, con, loc
<.text >        043420     000156	shr, ins, rel, con, gbl
          fixtit 043556 r     xctlin 043534 r     xctpas 043444 r
          xctprg 043420 r
<.data >        003410     000000	prv, rel, con, gbl
<.bss  >        003716     000000	prv, rel, con, gbl
<dpure >        004714     000000	prv, rel, con, gbl
<mixed >        006026     000000	prv, rel, con, gbl
<errmes>        006026     000000	prv, rel, con, gbl
<impure>        007770     000000	prv, rel, con, gbl
<imppas>        010214     000000	prv, rel, con, gbl
<implin>        010264     000000	prv, rel, con, gbl
<swtsec>        010430     000000	prv, rel, con, gbl
<cndsec>        010530     000000	prv, rel, con, gbl
<crfsec>        010726     000000	prv, rel, con, gbl
<edtsec>        011030     000000	prv, rel, con, gbl
<lctsec>        011070     000000	prv, rel, con, gbl
<psasec>        011200     000000	prv, rel, con, gbl
<pstsec>        014400     000000	prv, rel, con, gbl
<rolbas>        014436     000000	prv, rel, con, gbl
<rolsiz>        014474     000000	prv, rel, con, gbl
<roltop>        014532     000000	prv, rel, con, gbl
<xpcor >        014532     000000	prv, rel, con, gbl
----------------
          div    ****** u     errref ****** u     fin    ****** u
          hdrttl ****** u     mul    ****** u     openc  ****** u
          putil2 ****** u     putn   ****** u     xmit5  ****** u
----------------
errors detected:  0
