get SCCS/s.syss.m11
No id keywords (cm7)
1.2
1102 lines
get SCCS/s.gcol.m11
No id keywords (cm7)
1.2
747 lines
get SCCS/s.now.m11
No id keywords (cm7)
1.2
673 lines
get SCCS/s.fp.m11
No id keywords (cm7)
1.2
169 lines
get SCCS/s.noroom.m11
No id keywords (cm7)
1.2
5 lines
get SCCS/s.sysend.m11
No id keywords (cm7)
1.2
2 lines
get SCCS/s.lglob.m11
No id keywords (cm7)
1.2
36 lines
get SCCS/s.sparm.m11
No id keywords (cm7)
1.2
133 lines
get SCCS/s.macro.m11
No id keywords (cm7)
1.2
535 lines
../support/macro  -xs:3 lglob.m11 sparm.m11 macro.m11 syss.m11 gcol.m11 now.m11 fp.m11 noroom.m11 sysend.m11 -na:sysend.obj
errors detected:  0
get SCCS/s.headr.m11
No id keywords (cm7)
1.2
57 lines
date | sed "s/.*/	makdate	<&>/" > foodate.m11
../support/macro  -ns sparm.m11 headr.m11 foodate.m11 -na:headr.obj
errors detected:  0
rm foodate.m11
get SCCS/s.prob7.m11
No id keywords (cm7)
1.2
311 lines
get SCCS/s.prob8.m11
No id keywords (cm7)
1.2
191 lines
get SCCS/s.ctable.m11
No id keywords (cm7)
1.2
126 lines
get SCCS/s.probend.m11
No id keywords (cm7)
1.2
19 lines
../support/macro  -xs:2 lglob.m11 sparm.m11 macro.m11 prob7.m11 prob8.m11 ctable.m11 probend.m11 -na:probend.obj
errors detected:  0
get SCCS/s.dstuf.m11
No id keywords (cm7)
1.3
239 lines
get SCCS/s.atdat.m11
No id keywords (cm7)
1.2
50 lines
get SCCS/s.subr.m11
No id keywords (cm7)
1.2
1821 lines
get SCCS/s.subrcom.m11
No id keywords (cm7)
1.2
228 lines
get SCCS/s.early.m11
No id keywords (cm7)
1.2
128 lines
../support/macro  -xs:3 lglob.m11 sparm.m11 macro.m11 dstuf.m11 atdat.m11 subr.m11 subrcom.m11 early.m11 -na:early.obj
errors detected:  0
../support/linkr -ls  sysend.obj headr.obj probend.obj early.obj -na:l1100.out
errors detected:  0
get SCCS/s.preload.lisp
No id keywords (cm7)
1.3
3 lines
./l1100.out < preload.lisp
AM110 LISP 4/18/81
->nil
->
->mv code lisp
